[[31merror[39m]: uncaughtException: Missing parameter name at 1: https://git.new/pathToRegexpError
TypeError: Missing parameter name at 1: https://git.new/pathToRegexpError
    at name (/home/emmanuel/Desktop/Projects/GlobalPay/Authentication-service/node_modules/.pnpm/path-to-regexp@8.2.0/node_modules/path-to-regexp/src/index.ts:153:13)
    at lexer (/home/emmanuel/Desktop/Projects/GlobalPay/Authentication-service/node_modules/.pnpm/path-to-regexp@8.2.0/node_modules/path-to-regexp/src/index.ts:171:21)
    at lexer.next (<anonymous>)
    at Iter.peek (/home/emmanuel/Desktop/Projects/GlobalPay/Authentication-service/node_modules/.pnpm/path-to-regexp@8.2.0/node_modules/path-to-regexp/src/index.ts:188:32)
    at Iter.tryConsume (/home/emmanuel/Desktop/Projects/GlobalPay/Authentication-service/node_modules/.pnpm/path-to-regexp@8.2.0/node_modules/path-to-regexp/src/index.ts:195:24)
    at Iter.text (/home/emmanuel/Desktop/Projects/GlobalPay/Authentication-service/node_modules/.pnpm/path-to-regexp@8.2.0/node_modules/path-to-regexp/src/index.ts:213:26)
    at consume (/home/emmanuel/Desktop/Projects/GlobalPay/Authentication-service/node_modules/.pnpm/path-to-regexp@8.2.0/node_modules/path-to-regexp/src/index.ts:285:23)
    at parse (/home/emmanuel/Desktop/Projects/GlobalPay/Authentication-service/node_modules/.pnpm/path-to-regexp@8.2.0/node_modules/path-to-regexp/src/index.ts:320:18)
    at /home/emmanuel/Desktop/Projects/GlobalPay/Authentication-service/node_modules/.pnpm/path-to-regexp@8.2.0/node_modules/path-to-regexp/src/index.ts:503:40
    at Array.map (<anonymous>) : 2025-06-14 12:49:03.508 AM
[[31merror[39m]: uncaughtException: Missing parameter name at 1: https://git.new/pathToRegexpError
TypeError: Missing parameter name at 1: https://git.new/pathToRegexpError
    at name (/home/emmanuel/Desktop/Projects/GlobalPay/Authentication-service/node_modules/.pnpm/path-to-regexp@8.2.0/node_modules/path-to-regexp/src/index.ts:153:13)
    at lexer (/home/emmanuel/Desktop/Projects/GlobalPay/Authentication-service/node_modules/.pnpm/path-to-regexp@8.2.0/node_modules/path-to-regexp/src/index.ts:171:21)
    at lexer.next (<anonymous>)
    at Iter.peek (/home/emmanuel/Desktop/Projects/GlobalPay/Authentication-service/node_modules/.pnpm/path-to-regexp@8.2.0/node_modules/path-to-regexp/src/index.ts:188:32)
    at Iter.tryConsume (/home/emmanuel/Desktop/Projects/GlobalPay/Authentication-service/node_modules/.pnpm/path-to-regexp@8.2.0/node_modules/path-to-regexp/src/index.ts:195:24)
    at Iter.text (/home/emmanuel/Desktop/Projects/GlobalPay/Authentication-service/node_modules/.pnpm/path-to-regexp@8.2.0/node_modules/path-to-regexp/src/index.ts:213:26)
    at consume (/home/emmanuel/Desktop/Projects/GlobalPay/Authentication-service/node_modules/.pnpm/path-to-regexp@8.2.0/node_modules/path-to-regexp/src/index.ts:285:23)
    at parse (/home/emmanuel/Desktop/Projects/GlobalPay/Authentication-service/node_modules/.pnpm/path-to-regexp@8.2.0/node_modules/path-to-regexp/src/index.ts:320:18)
    at /home/emmanuel/Desktop/Projects/GlobalPay/Authentication-service/node_modules/.pnpm/path-to-regexp@8.2.0/node_modules/path-to-regexp/src/index.ts:503:40
    at Array.map (<anonymous>) : 2025-06-14 12:50:07.875 AM
[[31merror[39m]: uncaughtException: Missing parameter name at 1: https://git.new/pathToRegexpError
TypeError: Missing parameter name at 1: https://git.new/pathToRegexpError
    at name (/home/emmanuel/Desktop/Projects/GlobalPay/Authentication-service/node_modules/.pnpm/path-to-regexp@8.2.0/node_modules/path-to-regexp/src/index.ts:153:13)
    at lexer (/home/emmanuel/Desktop/Projects/GlobalPay/Authentication-service/node_modules/.pnpm/path-to-regexp@8.2.0/node_modules/path-to-regexp/src/index.ts:171:21)
    at lexer.next (<anonymous>)
    at Iter.peek (/home/emmanuel/Desktop/Projects/GlobalPay/Authentication-service/node_modules/.pnpm/path-to-regexp@8.2.0/node_modules/path-to-regexp/src/index.ts:188:32)
    at Iter.tryConsume (/home/emmanuel/Desktop/Projects/GlobalPay/Authentication-service/node_modules/.pnpm/path-to-regexp@8.2.0/node_modules/path-to-regexp/src/index.ts:195:24)
    at Iter.text (/home/emmanuel/Desktop/Projects/GlobalPay/Authentication-service/node_modules/.pnpm/path-to-regexp@8.2.0/node_modules/path-to-regexp/src/index.ts:213:26)
    at consume (/home/emmanuel/Desktop/Projects/GlobalPay/Authentication-service/node_modules/.pnpm/path-to-regexp@8.2.0/node_modules/path-to-regexp/src/index.ts:285:23)
    at parse (/home/emmanuel/Desktop/Projects/GlobalPay/Authentication-service/node_modules/.pnpm/path-to-regexp@8.2.0/node_modules/path-to-regexp/src/index.ts:320:18)
    at /home/emmanuel/Desktop/Projects/GlobalPay/Authentication-service/node_modules/.pnpm/path-to-regexp@8.2.0/node_modules/path-to-regexp/src/index.ts:503:40
    at Array.map (<anonymous>) : 2025-06-14 12:50:16.289 AM
[[31merror[39m]: uncaughtException: Missing parameter name at 1: https://git.new/pathToRegexpError
TypeError: Missing parameter name at 1: https://git.new/pathToRegexpError
    at name (/home/emmanuel/Desktop/Projects/GlobalPay/Authentication-service/node_modules/.pnpm/path-to-regexp@8.2.0/node_modules/path-to-regexp/src/index.ts:153:13)
    at lexer (/home/emmanuel/Desktop/Projects/GlobalPay/Authentication-service/node_modules/.pnpm/path-to-regexp@8.2.0/node_modules/path-to-regexp/src/index.ts:171:21)
    at lexer.next (<anonymous>)
    at Iter.peek (/home/emmanuel/Desktop/Projects/GlobalPay/Authentication-service/node_modules/.pnpm/path-to-regexp@8.2.0/node_modules/path-to-regexp/src/index.ts:188:32)
    at Iter.tryConsume (/home/emmanuel/Desktop/Projects/GlobalPay/Authentication-service/node_modules/.pnpm/path-to-regexp@8.2.0/node_modules/path-to-regexp/src/index.ts:195:24)
    at Iter.text (/home/emmanuel/Desktop/Projects/GlobalPay/Authentication-service/node_modules/.pnpm/path-to-regexp@8.2.0/node_modules/path-to-regexp/src/index.ts:213:26)
    at consume (/home/emmanuel/Desktop/Projects/GlobalPay/Authentication-service/node_modules/.pnpm/path-to-regexp@8.2.0/node_modules/path-to-regexp/src/index.ts:285:23)
    at parse (/home/emmanuel/Desktop/Projects/GlobalPay/Authentication-service/node_modules/.pnpm/path-to-regexp@8.2.0/node_modules/path-to-regexp/src/index.ts:320:18)
    at /home/emmanuel/Desktop/Projects/GlobalPay/Authentication-service/node_modules/.pnpm/path-to-regexp@8.2.0/node_modules/path-to-regexp/src/index.ts:503:40
    at Array.map (<anonymous>) : 2025-06-14 12:51:26.475 AM
[[31merror[39m]: uncaughtException: Missing parameter name at 1: https://git.new/pathToRegexpError
TypeError: Missing parameter name at 1: https://git.new/pathToRegexpError
    at name (/home/emmanuel/Desktop/Projects/GlobalPay/Authentication-service/node_modules/.pnpm/path-to-regexp@8.2.0/node_modules/path-to-regexp/src/index.ts:153:13)
    at lexer (/home/emmanuel/Desktop/Projects/GlobalPay/Authentication-service/node_modules/.pnpm/path-to-regexp@8.2.0/node_modules/path-to-regexp/src/index.ts:171:21)
    at lexer.next (<anonymous>)
    at Iter.peek (/home/emmanuel/Desktop/Projects/GlobalPay/Authentication-service/node_modules/.pnpm/path-to-regexp@8.2.0/node_modules/path-to-regexp/src/index.ts:188:32)
    at Iter.tryConsume (/home/emmanuel/Desktop/Projects/GlobalPay/Authentication-service/node_modules/.pnpm/path-to-regexp@8.2.0/node_modules/path-to-regexp/src/index.ts:195:24)
    at Iter.text (/home/emmanuel/Desktop/Projects/GlobalPay/Authentication-service/node_modules/.pnpm/path-to-regexp@8.2.0/node_modules/path-to-regexp/src/index.ts:213:26)
    at consume (/home/emmanuel/Desktop/Projects/GlobalPay/Authentication-service/node_modules/.pnpm/path-to-regexp@8.2.0/node_modules/path-to-regexp/src/index.ts:285:23)
    at parse (/home/emmanuel/Desktop/Projects/GlobalPay/Authentication-service/node_modules/.pnpm/path-to-regexp@8.2.0/node_modules/path-to-regexp/src/index.ts:320:18)
    at /home/emmanuel/Desktop/Projects/GlobalPay/Authentication-service/node_modules/.pnpm/path-to-regexp@8.2.0/node_modules/path-to-regexp/src/index.ts:503:40
    at Array.map (<anonymous>) : 2025-06-14 12:52:09.255 AM
[[31merror[39m]: uncaughtException: Missing parameter name at 1: https://git.new/pathToRegexpError
TypeError: Missing parameter name at 1: https://git.new/pathToRegexpError
    at name (/home/emmanuel/Desktop/Projects/GlobalPay/Authentication-service/node_modules/.pnpm/path-to-regexp@8.2.0/node_modules/path-to-regexp/src/index.ts:153:13)
    at lexer (/home/emmanuel/Desktop/Projects/GlobalPay/Authentication-service/node_modules/.pnpm/path-to-regexp@8.2.0/node_modules/path-to-regexp/src/index.ts:171:21)
    at lexer.next (<anonymous>)
    at Iter.peek (/home/emmanuel/Desktop/Projects/GlobalPay/Authentication-service/node_modules/.pnpm/path-to-regexp@8.2.0/node_modules/path-to-regexp/src/index.ts:188:32)
    at Iter.tryConsume (/home/emmanuel/Desktop/Projects/GlobalPay/Authentication-service/node_modules/.pnpm/path-to-regexp@8.2.0/node_modules/path-to-regexp/src/index.ts:195:24)
    at Iter.text (/home/emmanuel/Desktop/Projects/GlobalPay/Authentication-service/node_modules/.pnpm/path-to-regexp@8.2.0/node_modules/path-to-regexp/src/index.ts:213:26)
    at consume (/home/emmanuel/Desktop/Projects/GlobalPay/Authentication-service/node_modules/.pnpm/path-to-regexp@8.2.0/node_modules/path-to-regexp/src/index.ts:285:23)
    at parse (/home/emmanuel/Desktop/Projects/GlobalPay/Authentication-service/node_modules/.pnpm/path-to-regexp@8.2.0/node_modules/path-to-regexp/src/index.ts:320:18)
    at /home/emmanuel/Desktop/Projects/GlobalPay/Authentication-service/node_modules/.pnpm/path-to-regexp@8.2.0/node_modules/path-to-regexp/src/index.ts:503:40
    at Array.map (<anonymous>) : 2025-06-14 12:52:34.961 AM
[[31merror[39m]: uncaughtException: Missing parameter name at 1: https://git.new/pathToRegexpError
TypeError: Missing parameter name at 1: https://git.new/pathToRegexpError
    at name (/home/emmanuel/Desktop/Projects/GlobalPay/Authentication-service/node_modules/.pnpm/path-to-regexp@8.2.0/node_modules/path-to-regexp/src/index.ts:153:13)
    at lexer (/home/emmanuel/Desktop/Projects/GlobalPay/Authentication-service/node_modules/.pnpm/path-to-regexp@8.2.0/node_modules/path-to-regexp/src/index.ts:171:21)
    at lexer.next (<anonymous>)
    at Iter.peek (/home/emmanuel/Desktop/Projects/GlobalPay/Authentication-service/node_modules/.pnpm/path-to-regexp@8.2.0/node_modules/path-to-regexp/src/index.ts:188:32)
    at Iter.tryConsume (/home/emmanuel/Desktop/Projects/GlobalPay/Authentication-service/node_modules/.pnpm/path-to-regexp@8.2.0/node_modules/path-to-regexp/src/index.ts:195:24)
    at Iter.text (/home/emmanuel/Desktop/Projects/GlobalPay/Authentication-service/node_modules/.pnpm/path-to-regexp@8.2.0/node_modules/path-to-regexp/src/index.ts:213:26)
    at consume (/home/emmanuel/Desktop/Projects/GlobalPay/Authentication-service/node_modules/.pnpm/path-to-regexp@8.2.0/node_modules/path-to-regexp/src/index.ts:285:23)
    at parse (/home/emmanuel/Desktop/Projects/GlobalPay/Authentication-service/node_modules/.pnpm/path-to-regexp@8.2.0/node_modules/path-to-regexp/src/index.ts:320:18)
    at /home/emmanuel/Desktop/Projects/GlobalPay/Authentication-service/node_modules/.pnpm/path-to-regexp@8.2.0/node_modules/path-to-regexp/src/index.ts:503:40
    at Array.map (<anonymous>) : 2025-06-14 12:54:25.095 AM
[[31merror[39m]: uncaughtException: Missing parameter name at 1: https://git.new/pathToRegexpError
TypeError: Missing parameter name at 1: https://git.new/pathToRegexpError
    at name (/home/emmanuel/Desktop/Projects/GlobalPay/Authentication-service/node_modules/.pnpm/path-to-regexp@8.2.0/node_modules/path-to-regexp/src/index.ts:153:13)
    at lexer (/home/emmanuel/Desktop/Projects/GlobalPay/Authentication-service/node_modules/.pnpm/path-to-regexp@8.2.0/node_modules/path-to-regexp/src/index.ts:171:21)
    at lexer.next (<anonymous>)
    at Iter.peek (/home/emmanuel/Desktop/Projects/GlobalPay/Authentication-service/node_modules/.pnpm/path-to-regexp@8.2.0/node_modules/path-to-regexp/src/index.ts:188:32)
    at Iter.tryConsume (/home/emmanuel/Desktop/Projects/GlobalPay/Authentication-service/node_modules/.pnpm/path-to-regexp@8.2.0/node_modules/path-to-regexp/src/index.ts:195:24)
    at Iter.text (/home/emmanuel/Desktop/Projects/GlobalPay/Authentication-service/node_modules/.pnpm/path-to-regexp@8.2.0/node_modules/path-to-regexp/src/index.ts:213:26)
    at consume (/home/emmanuel/Desktop/Projects/GlobalPay/Authentication-service/node_modules/.pnpm/path-to-regexp@8.2.0/node_modules/path-to-regexp/src/index.ts:285:23)
    at parse (/home/emmanuel/Desktop/Projects/GlobalPay/Authentication-service/node_modules/.pnpm/path-to-regexp@8.2.0/node_modules/path-to-regexp/src/index.ts:320:18)
    at /home/emmanuel/Desktop/Projects/GlobalPay/Authentication-service/node_modules/.pnpm/path-to-regexp@8.2.0/node_modules/path-to-regexp/src/index.ts:503:40
    at Array.map (<anonymous>) : 2025-06-14 12:55:21.328 AM
[[31merror[39m]: uncaughtException: Missing parameter name at 1: https://git.new/pathToRegexpError
TypeError: Missing parameter name at 1: https://git.new/pathToRegexpError
    at name (/home/emmanuel/Desktop/Projects/GlobalPay/Authentication-service/node_modules/.pnpm/path-to-regexp@8.2.0/node_modules/path-to-regexp/src/index.ts:153:13)
    at lexer (/home/emmanuel/Desktop/Projects/GlobalPay/Authentication-service/node_modules/.pnpm/path-to-regexp@8.2.0/node_modules/path-to-regexp/src/index.ts:171:21)
    at lexer.next (<anonymous>)
    at Iter.peek (/home/emmanuel/Desktop/Projects/GlobalPay/Authentication-service/node_modules/.pnpm/path-to-regexp@8.2.0/node_modules/path-to-regexp/src/index.ts:188:32)
    at Iter.tryConsume (/home/emmanuel/Desktop/Projects/GlobalPay/Authentication-service/node_modules/.pnpm/path-to-regexp@8.2.0/node_modules/path-to-regexp/src/index.ts:195:24)
    at Iter.text (/home/emmanuel/Desktop/Projects/GlobalPay/Authentication-service/node_modules/.pnpm/path-to-regexp@8.2.0/node_modules/path-to-regexp/src/index.ts:213:26)
    at consume (/home/emmanuel/Desktop/Projects/GlobalPay/Authentication-service/node_modules/.pnpm/path-to-regexp@8.2.0/node_modules/path-to-regexp/src/index.ts:285:23)
    at parse (/home/emmanuel/Desktop/Projects/GlobalPay/Authentication-service/node_modules/.pnpm/path-to-regexp@8.2.0/node_modules/path-to-regexp/src/index.ts:320:18)
    at /home/emmanuel/Desktop/Projects/GlobalPay/Authentication-service/node_modules/.pnpm/path-to-regexp@8.2.0/node_modules/path-to-regexp/src/index.ts:503:40
    at Array.map (<anonymous>) : 2025-06-14 12:56:13.557 AM
[[31merror[39m]: uncaughtException: Missing parameter name at 1: https://git.new/pathToRegexpError
TypeError: Missing parameter name at 1: https://git.new/pathToRegexpError
    at name (/home/emmanuel/Desktop/Projects/GlobalPay/Authentication-service/node_modules/.pnpm/path-to-regexp@8.2.0/node_modules/path-to-regexp/src/index.ts:153:13)
    at lexer (/home/emmanuel/Desktop/Projects/GlobalPay/Authentication-service/node_modules/.pnpm/path-to-regexp@8.2.0/node_modules/path-to-regexp/src/index.ts:171:21)
    at lexer.next (<anonymous>)
    at Iter.peek (/home/emmanuel/Desktop/Projects/GlobalPay/Authentication-service/node_modules/.pnpm/path-to-regexp@8.2.0/node_modules/path-to-regexp/src/index.ts:188:32)
    at Iter.tryConsume (/home/emmanuel/Desktop/Projects/GlobalPay/Authentication-service/node_modules/.pnpm/path-to-regexp@8.2.0/node_modules/path-to-regexp/src/index.ts:195:24)
    at Iter.text (/home/emmanuel/Desktop/Projects/GlobalPay/Authentication-service/node_modules/.pnpm/path-to-regexp@8.2.0/node_modules/path-to-regexp/src/index.ts:213:26)
    at consume (/home/emmanuel/Desktop/Projects/GlobalPay/Authentication-service/node_modules/.pnpm/path-to-regexp@8.2.0/node_modules/path-to-regexp/src/index.ts:285:23)
    at parse (/home/emmanuel/Desktop/Projects/GlobalPay/Authentication-service/node_modules/.pnpm/path-to-regexp@8.2.0/node_modules/path-to-regexp/src/index.ts:320:18)
    at /home/emmanuel/Desktop/Projects/GlobalPay/Authentication-service/node_modules/.pnpm/path-to-regexp@8.2.0/node_modules/path-to-regexp/src/index.ts:503:40
    at Array.map (<anonymous>) : 2025-06-14 12:58:58.063 AM
[[31merror[39m]: uncaughtException: EIO: i/o error, write
Error: EIO: i/o error, write
    at writeSync (node:fs:924:3)
    at SyncWriteStream._write (node:internal/fs/sync_write_stream:27:5)
    at writeOrBuffer (node:internal/streams/writable:572:12)
    at _write (node:internal/streams/writable:501:10)
    at SyncWriteStream.Writable.write (node:internal/streams/writable:510:10)
    at Console.log (/home/emmanuel/Desktop/Projects/GlobalPay/Authentication-service/node_modules/.pnpm/winston@3.17.0/node_modules/winston/lib/winston/transports/console.js:87:23)
    at Console._write (/home/emmanuel/Desktop/Projects/GlobalPay/Authentication-service/node_modules/.pnpm/winston-transport@4.9.0/node_modules/winston-transport/modern.js:82:19)
    at doWrite (/home/emmanuel/Desktop/Projects/GlobalPay/Authentication-service/node_modules/.pnpm/readable-stream@3.6.2/node_modules/readable-stream/lib/_stream_writable.js:390:139)
    at writeOrBuffer (/home/emmanuel/Desktop/Projects/GlobalPay/Authentication-service/node_modules/.pnpm/readable-stream@3.6.2/node_modules/readable-stream/lib/_stream_writable.js:381:5)
    at Console.Writable.write (/home/emmanuel/Desktop/Projects/GlobalPay/Authentication-service/node_modules/.pnpm/readable-stream@3.6.2/node_modules/readable-stream/lib/_stream_writable.js:302:11) : 2025-06-14 01:11:48.567 AM
