[[31merror[39m]: unhandledRejection: Reached the max retries per request limit (which is 20). Refer to "maxRetriesPerRequest" option for details.
MaxRetriesPerRequestError: Reached the max retries per request limit (which is 20). Refer to "maxRetriesPerRequest" option for details.
    at Socket.<anonymous> (/home/emmanuel/Desktop/Projects/GlobalPay/Authentication-service/node_modules/.pnpm/ioredis@5.6.1/node_modules/ioredis/built/redis/event_handler.js:182:37)
    at Object.onceWrapper (node:events:633:26)
    at Socket.emit (node:events:518:28)
    at Socket.emit (node:domain:489:12)
    at TCP.<anonymous> (node:net:351:12) : 2025-07-06 07:30:30.232 PM
[[31merror[39m]: unhandledRejection: Reached the max retries per request limit (which is 20). Refer to "maxRetriesPerRequest" option for details.
MaxRetriesPerRequestError: Reached the max retries per request limit (which is 20). Refer to "maxRetriesPerRequest" option for details.
    at /home/emmanuel/Desktop/Projects/GlobalPay/Authentication-service/node_modules/.pnpm/ioredis@5.6.1/node_modules/ioredis/built/redis/event_handler.js:182:37
    at processTicksAndRejections (node:internal/process/task_queues:85:11) : 2025-07-15 05:11:31.287 PM
[[31merror[39m]: unhandledRejection: Reached the max retries per request limit (which is 20). Refer to "maxRetriesPerRequest" option for details.
MaxRetriesPerRequestError: Reached the max retries per request limit (which is 20). Refer to "maxRetriesPerRequest" option for details.
    at Socket.<anonymous> (/home/emmanuel/Desktop/Projects/GlobalPay/Authentication-service/node_modules/.pnpm/ioredis@5.6.1/node_modules/ioredis/built/redis/event_handler.js:182:37)
    at Object.onceWrapper (node:events:633:26)
    at Socket.emit (node:events:518:28)
    at Socket.emit (node:domain:489:12)
    at TCP.<anonymous> (node:net:351:12) : 2025-07-18 07:02:24.293 PM
[[31merror[39m]: unhandledRejection: Reached the max retries per request limit (which is 20). Refer to "maxRetriesPerRequest" option for details.
MaxRetriesPerRequestError: Reached the max retries per request limit (which is 20). Refer to "maxRetriesPerRequest" option for details.
    at Socket.<anonymous> (/home/emmanuel/Desktop/Projects/GlobalPay/Authentication-service/node_modules/.pnpm/ioredis@5.6.1/node_modules/ioredis/built/redis/event_handler.js:182:37)
    at Object.onceWrapper (node:events:633:26)
    at Socket.emit (node:events:518:28)
    at Socket.emit (node:domain:489:12)
    at TCP.<anonymous> (node:net:351:12) : 2025-07-18 09:23:26.809 PM
[[31merror[39m]: unhandledRejection: Reached the max retries per request limit (which is 20). Refer to "maxRetriesPerRequest" option for details.
MaxRetriesPerRequestError: Reached the max retries per request limit (which is 20). Refer to "maxRetriesPerRequest" option for details.
    at Socket.<anonymous> (/home/emmanuel/Desktop/Projects/GlobalPay/Authentication-service/node_modules/.pnpm/ioredis@5.6.1/node_modules/ioredis/built/redis/event_handler.js:182:37)
    at Object.onceWrapper (node:events:633:26)
    at Socket.emit (node:events:518:28)
    at Socket.emit (node:domain:489:12)
    at TCP.<anonymous> (node:net:351:12) : 2025-07-18 09:26:02.197 PM
[[31merror[39m]: unhandledRejection: Reached the max retries per request limit (which is 20). Refer to "maxRetriesPerRequest" option for details.
MaxRetriesPerRequestError: Reached the max retries per request limit (which is 20). Refer to "maxRetriesPerRequest" option for details.
    at Socket.<anonymous> (/home/emmanuel/Desktop/Projects/GlobalPay/Authentication-service/node_modules/.pnpm/ioredis@5.6.1/node_modules/ioredis/built/redis/event_handler.js:182:37)
    at Object.onceWrapper (node:events:633:26)
    at Socket.emit (node:events:518:28)
    at Socket.emit (node:domain:489:12)
    at TCP.<anonymous> (node:net:351:12) : 2025-07-18 09:34:56.156 PM
[[31merror[39m]: unhandledRejection: Reached the max retries per request limit (which is 20). Refer to "maxRetriesPerRequest" option for details.
MaxRetriesPerRequestError: Reached the max retries per request limit (which is 20). Refer to "maxRetriesPerRequest" option for details.
    at Socket.<anonymous> (/home/emmanuel/Desktop/Projects/GlobalPay/Authentication-service/node_modules/.pnpm/ioredis@5.6.1/node_modules/ioredis/built/redis/event_handler.js:182:37)
    at Object.onceWrapper (node:events:633:26)
    at Socket.emit (node:events:518:28)
    at Socket.emit (node:domain:489:12)
    at TCP.<anonymous> (node:net:351:12) : 2025-07-18 09:36:50.961 PM
[[31merror[39m]: unhandledRejection: Reached the max retries per request limit (which is 20). Refer to "maxRetriesPerRequest" option for details.
MaxRetriesPerRequestError: Reached the max retries per request limit (which is 20). Refer to "maxRetriesPerRequest" option for details.
    at Socket.<anonymous> (/home/emmanuel/Desktop/Projects/GlobalPay/Authentication-service/node_modules/.pnpm/ioredis@5.6.1/node_modules/ioredis/built/redis/event_handler.js:182:37)
    at Object.onceWrapper (node:events:633:26)
    at Socket.emit (node:events:518:28)
    at Socket.emit (node:domain:489:12)
    at TCP.<anonymous> (node:net:351:12) : 2025-07-18 09:37:56.717 PM
[[31merror[39m]: unhandledRejection: Reached the max retries per request limit (which is 20). Refer to "maxRetriesPerRequest" option for details.
MaxRetriesPerRequestError: Reached the max retries per request limit (which is 20). Refer to "maxRetriesPerRequest" option for details.
    at Socket.<anonymous> (/home/emmanuel/Desktop/Projects/GlobalPay/Authentication-service/node_modules/.pnpm/ioredis@5.6.1/node_modules/ioredis/built/redis/event_handler.js:182:37)
    at Object.onceWrapper (node:events:633:26)
    at Socket.emit (node:events:518:28)
    at Socket.emit (node:domain:489:12)
    at TCP.<anonymous> (node:net:351:12) : 2025-07-18 09:43:13.899 PM
[[31merror[39m]: unhandledRejection: Reached the max retries per request limit (which is 20). Refer to "maxRetriesPerRequest" option for details.
MaxRetriesPerRequestError: Reached the max retries per request limit (which is 20). Refer to "maxRetriesPerRequest" option for details.
    at Socket.<anonymous> (/home/emmanuel/Desktop/Projects/GlobalPay/Authentication-service/node_modules/.pnpm/ioredis@5.6.1/node_modules/ioredis/built/redis/event_handler.js:182:37)
    at Object.onceWrapper (node:events:633:26)
    at Socket.emit (node:events:518:28)
    at Socket.emit (node:domain:489:12)
    at TCP.<anonymous> (node:net:351:12) : 2025-07-18 09:48:35.077 PM
[[31merror[39m]: unhandledRejection: Reached the max retries per request limit (which is 20). Refer to "maxRetriesPerRequest" option for details.
MaxRetriesPerRequestError: Reached the max retries per request limit (which is 20). Refer to "maxRetriesPerRequest" option for details.
    at Socket.<anonymous> (/home/emmanuel/Desktop/Projects/GlobalPay/Authentication-service/node_modules/.pnpm/ioredis@5.6.1/node_modules/ioredis/built/redis/event_handler.js:182:37)
    at Object.onceWrapper (node:events:633:26)
    at Socket.emit (node:events:518:28)
    at Socket.emit (node:domain:489:12)
    at TCP.<anonymous> (node:net:351:12) : 2025-07-18 09:49:31.002 PM
[[31merror[39m]: unhandledRejection: Reached the max retries per request limit (which is 20). Refer to "maxRetriesPerRequest" option for details.
MaxRetriesPerRequestError: Reached the max retries per request limit (which is 20). Refer to "maxRetriesPerRequest" option for details.
    at Socket.<anonymous> (/home/emmanuel/Desktop/Projects/GlobalPay/Authentication-service/node_modules/.pnpm/ioredis@5.6.1/node_modules/ioredis/built/redis/event_handler.js:182:37)
    at Object.onceWrapper (node:events:633:26)
    at Socket.emit (node:events:518:28)
    at Socket.emit (node:domain:489:12)
    at TCP.<anonymous> (node:net:351:12) : 2025-07-18 09:59:58.272 PM
[[31merror[39m]: unhandledRejection: Reached the max retries per request limit (which is 20). Refer to "maxRetriesPerRequest" option for details.
MaxRetriesPerRequestError: Reached the max retries per request limit (which is 20). Refer to "maxRetriesPerRequest" option for details.
    at Socket.<anonymous> (/home/emmanuel/Desktop/Projects/GlobalPay/Authentication-service/node_modules/.pnpm/ioredis@5.6.1/node_modules/ioredis/built/redis/event_handler.js:182:37)
    at Object.onceWrapper (node:events:633:26)
    at Socket.emit (node:events:518:28)
    at Socket.emit (node:domain:489:12)
    at TCP.<anonymous> (node:net:351:12) : 2025-07-18 10:00:57.101 PM
